ets Jul 29 2019 12:21:46

rst:0x1 (POWERON_RESET),boot:0x13 (SPI_FAST_FLASH_BOOT)
configsip: 0, SPIWP:0xee
clk_drv:0x00,q_drv:0x00,d_drv:0x00,cs0_drv:0x00,hd_drv:0x00,wp_drv:0x00
mode:DIO, clock div:2
load:0x3fff0030,len:4640
load:0x40078000,len:15632
load:0x40080400,len:3164
entry 0x4008059c


===== PIN PROBE =====
chip rev 301, flash 16 MB
connecting to RSC-2G [  1702][W][STA.cpp:145] _onStaArduinoEvent(): Reason: 202 - AUTH_FAIL
[  1734][W][STA.cpp:145] _onStaArduinoEvent(): Reason: 202 - AUTH_FAIL
..................................................
WiFi failed (status 4) - serial only

--- census: driveable ---
  GPIO2   ext pull-down / driven low
  GPIO4   floating
  GPIO5   floating
  GPIO13  floating
  GPIO14  floating
  GPIO15  floating
  GPIO16  floating
  GPIO17  floating
  GPIO18  floating
  GPIO19  floating
  GPIO21  floating
  GPIO22  floating
  GPIO23  floating
  GPIO25  floating
  GPIO26  floating
  GPIO27  floating
  GPIO32  floating
  GPIO33  ext pull-down / driven low
--- census: input-only ---
  GPIO34  digital=0  142 mV
  GPIO35  digital=0  142 mV
  GPIO36  digital=0  142 mV
  GPIO39  digital=0  142 mV

[c] census  [a] ADC  [p] neopixel demo  [n] neopixel sweep  [k] knobs
[s] 595 sweep idle-HIGH  [S] 595 sweep idle-LOW  [d] 595 count
[w] walk  [b] buttons  [i] I2C  [?] menu

--- NEOPIXEL: 4 pixels on GPIO14, 15 s rainbow ---
done - how many lit?

[c] census  [a] ADC  [p] neopixel demo  [n] neopixel sweep  [k] knobs
[s] 595 sweep idle-HIGH  [S] 595 sweep idle-LOW  [d] 595 count
[w] walk  [b] buttons  [i] I2C  [?] menu
