ets Jul 29 2019 12:21:46

rst:0x1 (POWERON_RESET),boot:0x13 (SPI_FAST_FLASH_BOOT)
configsip: 0, SPIWP:0xee
clk_drv:0x00,q_drv:0x00,d_drv:0x00,cs0_drv:0x00,hd_drv:0x00,wp_drv:0x00
mode:DIO, clock div:2
load:0x3fff0030,len:4640
load:0x40078000,len:15632
load:0x40080400,len:3164
entry 0x4008059c


===== PIN PROBE =====
chip rev 301, flash 16 MB
connecting to RSC-2G [  1672][W][STA.cpp:145] _onStaArduinoEvent(): Reason: 202 - AUTH_FAIL
[  1701][W][STA.cpp:145] _onStaArduinoEvent(): Reason: 202 - AUTH_FAIL
..................................................
WiFi failed (status 4) - serial only

--- census: driveable ---
  GPIO4   floating
  GPIO5   floating
  GPIO13  floating
  GPIO14  floating
  GPIO16  floating
  GPIO17  floating
  GPIO18  floating
  GPIO19  floating
  GPIO21  floating
  GPIO22  floating
  GPIO23  floating
  GPIO25  floating
  GPIO26  floating
  GPIO27  floating
  GPIO32  floating
  GPIO33  ext pull-down / driven low
--- census: strapping (read-only) ---
  GPIO0   EXT PULL-UP
  GPIO2   ext pull-down / driven low
  GPIO12  floating
  GPIO15  floating
--- census: input-only (no internal pulls) ---
  GPIO34  digital=0  142 mV
  GPIO35  digital=0  142 mV
  GPIO36  digital=0  142 mV
  GPIO39  digital=1  2254 mV

[c] census  [a] ADC survey  [w] pin walk  [b] button watch  [i] I2C  [?] menu

--- I2C @ 21/22 ---
[ 26506][I][esp32-hal-i2c-ng.c:112] i2cInit(): Initializing I2C Master: num=0 sda=21 scl=22 freq=100000
  0 device(s)

[c] census  [a] ADC survey  [w] pin walk  [b] button watch  [i] I2C  [?] menu

--- I2C @ 21/22 ---
[ 28777][I][esp32-hal-i2c-ng.c:112] i2cInit(): Initializing I2C Master: num=0 sda=21 scl=22 freq=100000
  0 device(s)

[c] census  [a] ADC survey  [w] pin walk  [b] button watch  [i] I2C  [?] menu

--- census: driveable ---
  GPIO4   floating
  GPIO5   floating
  GPIO13  floating
  GPIO14  floating
  GPIO16  floating
  GPIO17  floating
  GPIO18  floating
  GPIO19  floating
  GPIO21  floating
  GPIO22  floating
  GPIO23  floating
  GPIO25  floating
  GPIO26  floating
  GPIO27  floating
  GPIO32  floating
  GPIO33  ext pull-down / driven low
--- census: strapping (read-only) ---
  GPIO0   EXT PULL-UP
  GPIO2   ext pull-down / driven low
  GPIO12  floating
  GPIO15  floating
--- census: input-only (no internal pulls) ---
  GPIO34  digital=0  142 mV
  GPIO35  digital=0  142 mV
  GPIO36  digital=0  142 mV
  GPIO39  digital=1  2262 mV

[c] census  [a] ADC survey  [w] pin walk  [b] button watch  [i] I2C  [?] menu

--- ADC1 survey (32 samples each) ---
  GPIO32  raw  101   222 mV  spread 670
  GPIO33  raw    0   142 mV  spread 0
  GPIO34  raw    0   142 mV  spread 0
  GPIO35  raw    0   142 mV  spread 0
  GPIO36  raw    0   142 mV  spread 0
  GPIO39  raw 2592  2255 mV  spread 24
  (spread > ~200 on a floating pin; steady => real source)

[c] census  [a] ADC survey  [w] pin walk  [b] button watch  [i] I2C  [?] menu

--- PIN WALK: watch the board, 1.6 s per pin ---
  GPIO4   HIGH
  GPIO4   LOW
  GPIO5   HIGH
  GPIO5   LOW
  GPIO13  HIGH
  GPIO13  LOW
  GPIO14  HIGH
  GPIO14  LOW
  GPIO16  HIGH
  GPIO16  LOW
  GPIO17  HIGH
  GPIO17  LOW
  GPIO18  HIGH
  GPIO18  LOW
  GPIO19  HIGH
  GPIO19  LOW
  GPIO21  HIGH
  GPIO21  LOW
  GPIO22  HIGH
  GPIO22  LOW
  GPIO23  HIGH
  GPIO23  LOW
  GPIO25  HIGH
  GPIO25  LOW
  GPIO26  HIGH
  GPIO26  LOW
  GPIO27  HIGH
  GPIO27  LOW
  GPIO32  HIGH
  GPIO32  LOW
  GPIO33  HIGH
  GPIO33  LOW
walk complete

[c] census  [a] ADC survey  [w] pin walk  [b] button watch  [i] I2C  [?] menu

--- BUTTON WATCH 20 s: press everything ---
  [  3375 ms] GPIO2  -> HIGH
  [  3540 ms] GPIO2  -> LOW
  [  4355 ms] GPIO34 -> HIGH
  [  4355 ms] GPIO35 -> HIGH
  [  4375 ms] GPIO35 -> LOW
  [  4380 ms] GPIO34 -> LOW
  [  4545 ms] GPIO34 -> HIGH
  [  4545 ms] GPIO35 -> HIGH
  [  4570 ms] GPIO34 -> LOW
  [  4570 ms] GPIO35 -> LOW
  [  4585 ms] GPIO34 -> HIGH
  [  4585 ms] GPIO35 -> HIGH
  [  4600 ms] GPIO35 -> LOW
  [  4605 ms] GPIO34 -> LOW
  [  5270 ms] GPIO34 -> HIGH
  [  5280 ms] GPIO35 -> HIGH
  [  5340 ms] GPIO34 -> LOW
  [  5350 ms] GPIO35 -> LOW
  [  5410 ms] GPIO34 -> HIGH
  [  5420 ms] GPIO35 -> HIGH
  [  5540 ms] GPIO34 -> LOW
  [  5555 ms] GPIO35 -> LOW
  [  6140 ms] GPIO39 -> LOW
  [  6600 ms] GPIO39 -> HIGH
  [  7270 ms] GPIO39 -> LOW
  [  7785 ms] GPIO39 -> HIGH
watch ended

[c] census  [a] ADC survey  [w] pin walk  [b] button watch  [i] I2C  [?] menu

[c] census  [a] ADC survey  [w] pin walk  [b] button watch  [i] I2C  [?] menu

[c] census  [a] ADC survey  [w] pin walk  [b] button watch  [i] I2C  [?] menu

--- I2C @ 21/22 ---
[156244][I][esp32-hal-i2c-ng.c:112] i2cInit(): Initializing I2C Master: num=0 sda=21 scl=22 freq=100000
  0 device(s)

[c] census  [a] ADC survey  [w] pin walk  [b] button watch  [i] I2C  [?] menu

--- I2C @ 21/22 ---
[179674][I][esp32-hal-i2c-ng.c:112] i2cInit(): Initializing I2C Master: num=0 sda=21 scl=22 freq=100000
  0 device(s)

[c] census  [a] ADC survey  [w] pin walk  [b] button watch  [i] I2C  [?] menu

--- I2C @ 21/22 ---
[181163][I][esp32-hal-i2c-ng.c:112] i2cInit(): Initializing I2C Master: num=0 sda=21 scl=22 freq=100000
  0 device(s)

[c] census  [a] ADC survey  [w] pin walk  [b] button watch  [i] I2C  [?] menu

--- I2C @ 21/22 ---
[181592][I][esp32-hal-i2c-ng.c:112] i2cInit(): Initializing I2C Master: num=0 sda=21 scl=22 freq=100000
  0 device(s)

[c] census  [a] ADC survey  [w] pin walk  [b] button watch  [i] I2C  [?] menu

--- I2C @ 21/22 ---
[181781][I][esp32-hal-i2c-ng.c:112] i2cInit(): Initializing I2C Master: num=0 sda=21 scl=22 freq=100000
  0 device(s)

[c] census  [a] ADC survey  [w] pin walk  [b] button watch  [i] I2C  [?] menu

--- I2C @ 21/22 ---
[189090][I][esp32-hal-i2c-ng.c:112] i2cInit(): Initializing I2C Master: num=0 sda=21 scl=22 freq=100000
  0 device(s)

[c] census  [a] ADC survey  [w] pin walk  [b] button watch  [i] I2C  [?] menu

--- I2C @ 21/22 ---
[189519][I][esp32-hal-i2c-ng.c:112] i2cInit(): Initializing I2C Master: num=0 sda=21 scl=22 freq=100000
  0 device(s)

[c] census  [a] ADC survey  [w] pin walk  [b] button watch  [i] I2C  [?] menu

--- I2C @ 21/22 ---
[189688][I][esp32-hal-i2c-ng.c:112] i2cInit(): Initializing I2C Master: num=0 sda=21 scl=22 freq=100000
  0 device(s)

[c] census  [a] ADC survey  [w] pin walk  [b] button watch  [i] I2C  [?] menu

--- I2C @ 21/22 ---
[189877][I][esp32-hal-i2c-ng.c:112] i2cInit(): Initializing I2C Master: num=0 sda=21 scl=22 freq=100000
  0 device(s)

[c] census  [a] ADC survey  [w] pin walk  [b] button watch  [i] I2C  [?] menu

--- I2C @ 21/22 ---
[190266][I][esp32-hal-i2c-ng.c:112] i2cInit(): Initializing I2C Master: num=0 sda=21 scl=22 freq=100000
  0 device(s)

[c] census  [a] ADC survey  [w] pin walk  [b] button watch  [i] I2C  [?] menu

--- I2C @ 21/22 ---
[190415][I][esp32-hal-i2c-ng.c:112] i2cInit(): Initializing I2C Master: num=0 sda=21 scl=22 freq=100000
  0 device(s)

[c] census  [a] ADC survey  [w] pin walk  [b] button watch  [i] I2C  [?] menu

--- I2C @ 21/22 ---
[190564][I][esp32-hal-i2c-ng.c:112] i2cInit(): Initializing I2C Master: num=0 sda=21 scl=22 freq=100000
  0 device(s)

[c] census  [a] ADC survey  [w] pin walk  [b] button watch  [i] I2C  [?] menu

--- I2C @ 21/22 ---
[192493][I][esp32-hal-i2c-ng.c:112] i2cInit(): Initializing I2C Master: num=0 sda=21 scl=22 freq=100000
  0 device(s)

[c] census  [a] ADC survey  [w] pin walk  [b] button watch  [i] I2C  [?] menu

--- I2C @ 21/22 ---
[192682][I][esp32-hal-i2c-ng.c:112] i2cInit(): Initializing I2C Master: num=0 sda=21 scl=22 freq=100000
  0 device(s)

[c] census  [a] ADC survey  [w] pin walk  [b] button watch  [i] I2C  [?] menu

--- I2C @ 21/22 ---
[192871][I][esp32-hal-i2c-ng.c:112] i2cInit(): Initializing I2C Master: num=0 sda=21 scl=22 freq=100000
  0 device(s)

[c] census  [a] ADC survey  [w] pin walk  [b] button watch  [i] I2C  [?] menu

--- I2C @ 21/22 ---
[193020][I][esp32-hal-i2c-ng.c:112] i2cInit(): Initializing I2C Master: num=0 sda=21 scl=22 freq=100000
  0 device(s)

[c] census  [a] ADC survey  [w] pin walk  [b] button watch  [i] I2C  [?] menu
